
     Program PWSCF v.6.7MaX starts on  7May2021 at 17:57:43 

     This program is part of the open-source Quantum ESPRESSO suite
     for quantum simulation of materials; please cite
         "P. Giannozzi et al., J. Phys.:Condens. Matter 21 395502 (2009);
         "P. Giannozzi et al., J. Phys.:Condens. Matter 29 465901 (2017);
          URL http://www.quantum-espresso.org", 
     in publications or presentations arising from this work. More details at
     http://www.quantum-espresso.org/quote

     Parallel version (MPI), running on    10 processors

     MPI processes distributed on     1 nodes
     R & G space division:  proc/nbgrp/npool/nimage =      10
     Reading input from mos2_1_scf.in

     Current dimensions of program PWSCF are:
     Max number of different atomic species (ntypx) = 10
     Max number of k-points (npk) =  40000
     Max angular momentum in pseudopotentials (lmaxx) =  3

     Subspace diagonalization in iterative solution of the eigenvalue problem:
     one sub-group per band group will be used
     scalapack distributed-memory algorithm (size of sub-group:  3*  3 procs)

 
     Parallelization info
     --------------------
     sticks:   dense  smooth     PW     G-vecs:    dense   smooth      PW
     Min         159      80     22                24281     8582    1302
     Max         160      81     23                24290     8593    1315
     Sum        1597     805    223               242833    85865   13065
 


     bravais-lattice index     =            4
     lattice parameter (alat)  =       6.0156  a.u.
     unit-cell volume          =     888.3477 (a.u.)^3
     number of atoms/cell      =            3
     number of atomic types    =            2
     number of electrons       =        26.00
     number of Kohn-Sham states=           17
     kinetic-energy cutoff     =      80.0000  Ry
     charge density cutoff     =     640.0000  Ry
     scf convergence threshold =      1.0E-09
     mixing beta               =       0.7000
     number of iterations used =            8  local-TF  mixing
     Exchange-correlation=  SLA  PW   PBX  PBC
                           (   1   4   3   4   0   0   0)

     celldm(1)=   6.015630  celldm(2)=   0.000000  celldm(3)=   4.712040
     celldm(4)=   0.000000  celldm(5)=   0.000000  celldm(6)=   0.000000

     crystal axes: (cart. coord. in units of alat)
               a(1) = (   1.000000   0.000000   0.000000 )  
               a(2) = (  -0.500000   0.866025   0.000000 )  
               a(3) = (   0.000000   0.000000   4.712040 )  

     reciprocal axes: (cart. coord. in units 2 pi/alat)
               b(1) = (  1.000000  0.577350  0.000000 )  
               b(2) = (  0.000000  1.154701  0.000000 )  
               b(3) = (  0.000000  0.000000  0.212222 )  


     PseudoPot. # 1 for Mo read from file:
     /home/melsa.ducut/scratch2/all_pbe_UPF/mo_pbe_v1.uspp.F.UPF
     MD5 check sum: 30c4dcd161f5d35cd49bb5239c51a633
     Pseudo is Ultrasoft + core correction, Zval = 14.0
     Generated by new atomic code, or converted to UPF format
     Using radial grid of  889 points,  6 beta functions with: 
                l(1) =   0
                l(2) =   0
                l(3) =   1
                l(4) =   1
                l(5) =   2
                l(6) =   2
     Q(r) pseudized with  6 coefficients,  rinner =    1.000   1.000   1.000
                                                       1.000   1.000

     PseudoPot. # 2 for S  read from file:
     /home/melsa.ducut/scratch2/all_pbe_UPF/s_pbe_v1.4.uspp.F.UPF
     MD5 check sum: 88d86576ff6df21479756cfb9bdac1df
     Pseudo is Ultrasoft + core correction, Zval =  6.0
     Generated by new atomic code, or converted to UPF format
     Using radial grid of  907 points,  6 beta functions with: 
                l(1) =   0
                l(2) =   0
                l(3) =   1
                l(4) =   1
                l(5) =   2
                l(6) =   2
     Q(r) pseudized with  8 coefficients,  rinner =    1.300   1.300   1.300
                                                       1.300   1.300

     atomic species   valence    mass     pseudopotential
        Mo            14.00    95.94000     Mo( 1.00)
        S              6.00    32.06600     S ( 1.00)

     Starting magnetic structure 
     atomic species   magnetization
        Mo           0.200
        S            0.000

      2 Sym. Ops. (no inversion) found


                                    s                        frac. trans.

      isym =  1     identity                                     

 cryst.   s( 1) = (     1          0          0      )
                  (     0          1          0      )
                  (     0          0          1      )

 cart.    s( 1) = (  1.0000000  0.0000000  0.0000000 )
                  (  0.0000000  1.0000000  0.0000000 )
                  (  0.0000000  0.0000000  1.0000000 )


      isym =  2     inv. 180 deg rotation - cryst. axis [0,1,0]  

 cryst.   s( 2) = (     1          1          0      )
                  (     0         -1          0      )
                  (     0          0          1      )

 cart.    s( 2) = (  0.5000000  0.8660254  0.0000000 )
                  (  0.8660254 -0.5000000  0.0000000 )
                  (  0.0000000  0.0000000  1.0000000 )


     point group C_s (m)    
     there are  2 classes
     the character table:

       E     s    
A'     1.00  1.00
A''    1.00 -1.00

     the symmetry operations in each class and the name of the first element:

     E        1
          identity                                               
     s        2
          inv. 180 deg rotation - cryst. axis [0,1,0]            

   Cartesian axes

     site n.     atom                  positions (alat units)
         1           Mo  tau(   1) = (   0.0000000   0.0000000   2.2189174  )
         2           S   tau(   2) = (   0.5001149   0.2887416   2.7100870  )
         3           S   tau(   3) = (   0.5001149   0.2887416   1.7277482  )

   Crystallographic axes

     site n.     atom                  positions (cryst. coord.)
         1           Mo  tau(   1) = (  0.0000000  0.0000000  0.4709037  )
         2           S   tau(   2) = (  0.6668200  0.3334101  0.5751409  )
         3           S   tau(   3) = (  0.6668200  0.3334101  0.3666667  )

     number of k points=    16  Gaussian smearing, width (Ry)=  0.0100
                       cart. coord. in units 2pi/alat
        k(    1) = (   0.0000000   0.0000000   0.0000000), wk =   0.0204082
        k(    2) = (   0.0000000   0.1649572   0.0000000), wk =   0.0816327
        k(    3) = (   0.0000000   0.3299144   0.0000000), wk =   0.0816327
        k(    4) = (   0.0000000   0.4948717   0.0000000), wk =   0.0816327
        k(    5) = (   0.1428571   0.2474358   0.0000000), wk =   0.0816327
        k(    6) = (   0.1428571   0.4123930   0.0000000), wk =   0.0816327
        k(    7) = (   0.1428571   0.5773503   0.0000000), wk =   0.0816327
        k(    8) = (   0.2857143   0.4948717   0.0000000), wk =   0.0816327
        k(    9) = (   0.1428571   0.0824786   0.0000000), wk =   0.0408163
        k(   10) = (   0.2857143   0.1649572   0.0000000), wk =   0.0408163
        k(   11) = (   0.4285714   0.2474358   0.0000000), wk =   0.0408163
        k(   12) = (  -0.1428571   0.2474358   0.0000000), wk =   0.0408163
        k(   13) = (  -0.1428571   0.4123930   0.0000000), wk =   0.0816327
        k(   14) = (   0.4285714   0.0824786   0.0000000), wk =   0.0816327
        k(   15) = (   0.5714286   0.1649572   0.0000000), wk =   0.0408163
        k(   16) = (  -0.2857143   0.4948717   0.0000000), wk =   0.0408163

                       cryst. coord.
        k(    1) = (   0.0000000   0.0000000   0.0000000), wk =   0.0204082
        k(    2) = (   0.0000000   0.1428571   0.0000000), wk =   0.0816327
        k(    3) = (   0.0000000   0.2857143   0.0000000), wk =   0.0816327
        k(    4) = (   0.0000000   0.4285714   0.0000000), wk =   0.0816327
        k(    5) = (   0.1428571   0.1428571   0.0000000), wk =   0.0816327
        k(    6) = (   0.1428571   0.2857143   0.0000000), wk =   0.0816327
        k(    7) = (   0.1428571   0.4285714   0.0000000), wk =   0.0816327
        k(    8) = (   0.2857143   0.2857143   0.0000000), wk =   0.0816327
        k(    9) = (   0.1428571   0.0000000   0.0000000), wk =   0.0408163
        k(   10) = (   0.2857143   0.0000000   0.0000000), wk =   0.0408163
        k(   11) = (   0.4285714   0.0000000   0.0000000), wk =   0.0408163
        k(   12) = (  -0.1428571   0.2857143   0.0000000), wk =   0.0408163
        k(   13) = (  -0.1428571   0.4285714   0.0000000), wk =   0.0816327
        k(   14) = (   0.4285714  -0.1428571   0.0000000), wk =   0.0816327
        k(   15) = (   0.5714286  -0.1428571   0.0000000), wk =   0.0408163
        k(   16) = (  -0.2857143   0.5714286   0.0000000), wk =   0.0408163

     Dense  grid:   242833 G-vectors     FFT dimensions: (  50,  50, 240)

     Smooth grid:    85865 G-vectors     FFT dimensions: (  36,  36, 162)

     Dynamical RAM for                 wfc:       0.28 MB

     Dynamical RAM for     wfc (w. buffer):       9.19 MB

     Dynamical RAM for           str. fact:       0.74 MB

     Dynamical RAM for           local pot:       0.00 MB

     Dynamical RAM for          nlocal pot:       0.88 MB

     Dynamical RAM for                qrad:       4.06 MB

     Dynamical RAM for          rho,v,vnew:       4.97 MB

     Dynamical RAM for               rhoin:       1.66 MB

     Dynamical RAM for            rho*nmix:      11.86 MB

     Dynamical RAM for           G-vectors:       1.46 MB

     Dynamical RAM for          h,s,v(r/c):       0.01 MB

     Dynamical RAM for          <psi|beta>:       0.01 MB

     Dynamical RAM for                 psi:       0.56 MB

     Dynamical RAM for                hpsi:       0.56 MB

     Dynamical RAM for                spsi:       0.56 MB

     Dynamical RAM for      wfcinit/wfcrot:       0.70 MB

     Dynamical RAM for           addusdens:      70.05 MB

     Estimated static dynamical RAM per process >      38.67 MB

     Estimated max dynamical RAM per process >     108.72 MB

     Estimated total dynamical RAM >       1.06 GB
     Generating pointlists ...
     new r_m :   0.3127 (alat units)  1.8808 (a.u.) for type    1
     new r_m :   0.3127 (alat units)  1.8808 (a.u.) for type    2

     Initial potential from superposition of free atoms

     starting charge   25.99886, renormalised to   26.00000

     negative rho (up, down):  3.118E-05 2.018E-05
     Starting wfcs are   21 randomized atomic wfcs

     total cpu time spent up to now is        1.8 secs

     Self-consistent Calculation

     iteration #  1     ecut=    80.00 Ry     beta= 0.70
     Davidson diagonalization with overlap
     ethr =  1.00E-02,  avg # of iterations =  2.1

     Threshold (ethr) on eigenvalues was too large:
     Diagonalizing with lowered threshold

     Davidson diagonalization with overlap
     ethr =  5.10E-04,  avg # of iterations =  2.2

     negative rho (up, down):  3.739E-08 3.745E-08

     total cpu time spent up to now is        5.9 secs

     total energy              =    -187.72679441 Ry
     estimated scf accuracy    <       0.15498338 Ry

     total magnetization       =     0.00 Bohr mag/cell
     absolute magnetization    =     0.78 Bohr mag/cell

     iteration #  2     ecut=    80.00 Ry     beta= 0.70
     Davidson diagonalization with overlap
     ethr =  5.96E-04,  avg # of iterations =  1.0

     total cpu time spent up to now is        7.8 secs

     total energy              =    -187.72462087 Ry
     estimated scf accuracy    <       0.05733937 Ry

     total magnetization       =     0.00 Bohr mag/cell
     absolute magnetization    =     0.45 Bohr mag/cell

     iteration #  3     ecut=    80.00 Ry     beta= 0.70
     Davidson diagonalization with overlap
     ethr =  2.21E-04,  avg # of iterations =  2.0

     total cpu time spent up to now is        9.9 secs

     total energy              =    -187.73302236 Ry
     estimated scf accuracy    <       0.00578951 Ry

     total magnetization       =     0.00 Bohr mag/cell
     absolute magnetization    =     0.10 Bohr mag/cell

     iteration #  4     ecut=    80.00 Ry     beta= 0.70
     Davidson diagonalization with overlap
     ethr =  2.23E-05,  avg # of iterations =  3.0

     total cpu time spent up to now is       12.1 secs

     total energy              =    -187.73251971 Ry
     estimated scf accuracy    <       0.00243283 Ry

     total magnetization       =    -0.00 Bohr mag/cell
     absolute magnetization    =     0.04 Bohr mag/cell

     iteration #  5     ecut=    80.00 Ry     beta= 0.70
     Davidson diagonalization with overlap
     ethr =  9.36E-06,  avg # of iterations =  2.2

     total cpu time spent up to now is       14.2 secs

     total energy              =    -187.73282010 Ry
     estimated scf accuracy    <       0.00067504 Ry

     total magnetization       =     0.00 Bohr mag/cell
     absolute magnetization    =     0.02 Bohr mag/cell

     iteration #  6     ecut=    80.00 Ry     beta= 0.70
     Davidson diagonalization with overlap
     ethr =  2.60E-06,  avg # of iterations =  2.0

     total cpu time spent up to now is       16.3 secs

     total energy              =    -187.73284180 Ry
     estimated scf accuracy    <       0.00021979 Ry

     total magnetization       =     0.00 Bohr mag/cell
     absolute magnetization    =     0.00 Bohr mag/cell

     iteration #  7     ecut=    80.00 Ry     beta= 0.70
     Davidson diagonalization with overlap
     ethr =  8.45E-07,  avg # of iterations =  2.0

     negative rho (up, down):  1.151E-05 1.119E-05

     total cpu time spent up to now is       18.4 secs

     total energy              =    -187.73292802 Ry
     estimated scf accuracy    <       0.00004852 Ry

     total magnetization       =     0.00 Bohr mag/cell
     absolute magnetization    =     0.00 Bohr mag/cell

     iteration #  8     ecut=    80.00 Ry     beta= 0.70
     Davidson diagonalization with overlap
     ethr =  1.87E-07,  avg # of iterations =  2.0

     negative rho (up, down):  4.474E-05 4.484E-05

     total cpu time spent up to now is       20.5 secs

     total energy              =    -187.73296245 Ry
     estimated scf accuracy    <       0.00000553 Ry

     total magnetization       =    -0.00 Bohr mag/cell
     absolute magnetization    =     0.01 Bohr mag/cell

     iteration #  9     ecut=    80.00 Ry     beta= 0.70
     Davidson diagonalization with overlap
     ethr =  2.13E-08,  avg # of iterations =  4.1

     negative rho (up, down):  4.965E-05 4.966E-05

     total cpu time spent up to now is       23.1 secs

     total energy              =    -187.73296568 Ry
     estimated scf accuracy    <       0.00000050 Ry

     total magnetization       =     0.00 Bohr mag/cell
     absolute magnetization    =     0.00 Bohr mag/cell

     iteration # 10     ecut=    80.00 Ry     beta= 0.70
     Davidson diagonalization with overlap
     ethr =  1.92E-09,  avg # of iterations =  2.6

     negative rho (up, down):  5.212E-05 5.212E-05

     total cpu time spent up to now is       25.4 secs

     total energy              =    -187.73296578 Ry
     estimated scf accuracy    <       0.00000008 Ry

     total magnetization       =     0.00 Bohr mag/cell
     absolute magnetization    =     0.00 Bohr mag/cell

     iteration # 11     ecut=    80.00 Ry     beta= 0.70
     Davidson diagonalization with overlap
     ethr =  2.94E-10,  avg # of iterations =  2.8

     negative rho (up, down):  5.043E-05 5.044E-05

     total cpu time spent up to now is       27.7 secs

     total energy              =    -187.73296581 Ry
     estimated scf accuracy    <          2.4E-09 Ry

     total magnetization       =    -0.00 Bohr mag/cell
     absolute magnetization    =     0.00 Bohr mag/cell

     iteration # 12     ecut=    80.00 Ry     beta= 0.70
     Davidson diagonalization with overlap
     ethr =  9.08E-12,  avg # of iterations =  4.6

     negative rho (up, down):  5.015E-05 5.015E-05
 
     Magnetic moment per site:
     atom:    1    charge:   10.7486    magn:    0.0000    constr:    0.0000
     atom:    2    charge:    4.1522    magn:   -0.0000    constr:    0.0000
     atom:    3    charge:    4.1522    magn:   -0.0000    constr:    0.0000

     total cpu time spent up to now is       30.3 secs

     End of self-consistent calculation

 ------ SPIN UP ------------


          k = 0.0000 0.0000 0.0000 ( 10755 PWs)   bands (ev):

   -60.2164 -34.3468 -34.1435 -34.1434 -13.3964 -12.0959  -4.9149  -1.9208
    -1.9199  -1.0913  -0.8200  -0.8163   0.6766   3.4352   3.4395   3.6825
     3.6842

     occupation numbers 
     1.0000   1.0000   1.0000   1.0000   1.0000   1.0000   1.0000   1.0000
     1.0000   1.0000   1.0000   1.0000   1.0000   0.0000   0.0000   0.0000
     0.0000

          k = 0.0000 0.1650 0.0000 ( 10789 PWs)   bands (ev):

   -60.2094 -34.3329 -34.2145 -34.1596 -13.1040 -11.9754  -4.5972  -2.5111
    -2.0363  -1.6180  -1.2419  -0.3815   0.4841   3.0795   3.2298   3.3834
     3.8979

     occupation numbers 
     1.0000   1.0000   1.0000   1.0000   1.0000   1.0000   1.0000   1.0000
     1.0000   1.0000   1.0000   1.0000   1.0000   0.0000   0.0000   0.0000
     0.0000

          k = 0.0000 0.3299 0.0000 ( 10749 PWs)   bands (ev):

   -60.1937 -34.3713 -34.3015 -34.1958 -12.3683 -11.6754  -4.3457  -3.1862
    -3.1476  -1.9604  -0.9131  -0.7764  -0.1927   2.8953   2.9519   3.7842
     4.5991

     occupation numbers 
     1.0000   1.0000   1.0000   1.0000   1.0000   1.0000   1.0000   1.0000
     1.0000   1.0000   1.0000   1.0000   1.0000   0.0000   0.0000   0.0000
     0.0000

          k = 0.0000 0.4949 0.0000 ( 10714 PWs)   bands (ev):

   -60.1810 -34.4942 -34.2761 -34.2247 -11.6532 -11.3957  -4.9511  -3.9652
    -3.3152  -2.4106  -1.1434  -0.3663  -0.0765   2.8941   3.3149   4.4542
     4.9406

     occupation numbers 
     1.0000   1.0000   1.0000   1.0000   1.0000   1.0000   1.0000   1.0000
     1.0000   1.0000   1.0000   1.0000   1.0000   0.0000   0.0000   0.0000
     0.0000

          k = 0.1429 0.2474 0.0000 ( 10779 PWs)   bands (ev):

   -60.1980 -34.3182 -34.3102 -34.1960 -12.5869 -11.7618  -4.2328  -3.0860
    -2.6556  -2.2393  -1.2696  -0.2785   0.0206   2.6772   3.1305   3.2274
     4.6190

     occupation numbers 
     1.0000   1.0000   1.0000   1.0000   1.0000   1.0000   1.0000   1.0000
     1.0000   1.0000   1.0000   1.0000   1.0000   0.0000   0.0000   0.0000
     0.0000

          k = 0.1429 0.4124 0.0000 ( 10753 PWs)   bands (ev):

   -60.1838 -34.4378 -34.2818 -34.2486 -11.8359 -11.4531  -4.5109  -3.7770
    -3.0835  -2.5461  -1.4215  -0.7809  -0.0295   2.8187   3.2370   3.8369
     5.0425

     occupation numbers 
     1.0000   1.0000   1.0000   1.0000   1.0000   1.0000   1.0000   1.0000
     1.0000   1.0000   1.0000   1.0000   1.0000   0.0000   0.0000   0.0000
     0.0000

          k = 0.1429 0.5774 0.0000 ( 10690 PWs)   bands (ev):

   -60.1775 -34.4897 -34.2726 -34.2691 -11.4432 -11.2948  -4.7787  -4.3084
    -3.2797  -2.4632  -1.4036  -1.1808   0.3230   2.8653   3.6248   4.3097
     4.9492

     occupation numbers 
     1.0000   1.0000   1.0000   1.0000   1.0000   1.0000   1.0000   1.0000
     1.0000   1.0000   1.0000   1.0000   1.0000   0.0000   0.0000   0.0000
     0.0000

          k = 0.2857 0.4949 0.0000 ( 10694 PWs)   bands (ev):

   -60.1760 -34.4428 -34.3396 -34.2660 -11.3603 -11.2373  -4.5454  -4.2447
    -3.0066  -2.6722  -2.3562  -1.2492   0.4440   2.5984   3.7889   3.9265
     5.4072

     occupation numbers 
     1.0000   1.0000   1.0000   1.0000   1.0000   1.0000   1.0000   1.0000
     1.0000   1.0000   1.0000   1.0000   1.0000   0.0000   0.0000   0.0000
     0.0000

          k = 0.1429 0.0825 0.0000 ( 10789 PWs)   bands (ev):

   -60.2094 -34.3329 -34.2144 -34.1597 -13.1041 -11.9753  -4.5973  -2.5116
    -2.0348  -1.6175  -1.2441  -0.3812   0.4846   3.0802   3.2277   3.3824
     3.9003

     occupation numbers 
     1.0000   1.0000   1.0000   1.0000   1.0000   1.0000   1.0000   1.0000
     1.0000   1.0000   1.0000   1.0000   1.0000   0.0000   0.0000   0.0000
     0.0000

          k = 0.2857 0.1650 0.0000 ( 10749 PWs)   bands (ev):

   -60.1937 -34.3711 -34.3015 -34.1959 -12.3685 -11.6750  -4.3458  -3.1868
    -3.1471  -1.9619  -0.9129  -0.7763  -0.1913   2.8951   2.9516   3.7828
     4.6005

     occupation numbers 
     1.0000   1.0000   1.0000   1.0000   1.0000   1.0000   1.0000   1.0000
     1.0000   1.0000   1.0000   1.0000   1.0000   0.0000   0.0000   0.0000
     0.0000

          k = 0.4286 0.2474 0.0000 ( 10714 PWs)   bands (ev):

   -60.1810 -34.4941 -34.2762 -34.2247 -11.6536 -11.3950  -4.9508  -3.9659
    -3.3160  -2.4118  -1.1423  -0.3666  -0.0752   2.8945   3.3148   4.4523
     4.9413

     occupation numbers 
     1.0000   1.0000   1.0000   1.0000   1.0000   1.0000   1.0000   1.0000
     1.0000   1.0000   1.0000   1.0000   1.0000   0.0000   0.0000   0.0000
     0.0000

          k =-0.1429 0.2474 0.0000 ( 10779 PWs)   bands (ev):

   -60.1980 -34.3183 -34.3102 -34.1959 -12.5868 -11.7620  -4.2327  -3.0852
    -2.6562  -2.2385  -1.2699  -0.2781   0.0193   2.6782   3.1298   3.2278
     4.6187

     occupation numbers 
     1.0000   1.0000   1.0000   1.0000   1.0000   1.0000   1.0000   1.0000
     1.0000   1.0000   1.0000   1.0000   1.0000   0.0000   0.0000   0.0000
     0.0000

          k =-0.1429 0.4124 0.0000 ( 10753 PWs)   bands (ev):

   -60.1838 -34.4379 -34.2818 -34.2486 -11.8357 -11.4533  -4.5108  -3.7761
    -3.0835  -2.5472  -1.4210  -0.7803  -0.0302   2.8190   3.2362   3.8352
     5.0449

     occupation numbers 
     1.0000   1.0000   1.0000   1.0000   1.0000   1.0000   1.0000   1.0000
     1.0000   1.0000   1.0000   1.0000   1.0000   0.0000   0.0000   0.0000
     0.0000

          k = 0.4286 0.0825 0.0000 ( 10753 PWs)   bands (ev):

   -60.1838 -34.4377 -34.2818 -34.2487 -11.8361 -11.4528  -4.5108  -3.7770
    -3.0842  -2.5470  -1.4208  -0.7803  -0.0293   2.8189   3.2367   3.8360
     5.0428

     occupation numbers 
     1.0000   1.0000   1.0000   1.0000   1.0000   1.0000   1.0000   1.0000
     1.0000   1.0000   1.0000   1.0000   1.0000   0.0000   0.0000   0.0000
     0.0000

          k = 0.5714 0.1650 0.0000 ( 10690 PWs)   bands (ev):

   -60.1775 -34.4896 -34.2726 -34.2691 -11.4436 -11.2942  -4.7783  -4.3092
    -3.2804  -2.4641  -1.4035  -1.1796   0.3234   2.8657   3.6252   4.3101
     4.9471

     occupation numbers 
     1.0000   1.0000   1.0000   1.0000   1.0000   1.0000   1.0000   1.0000
     1.0000   1.0000   1.0000   1.0000   1.0000   0.0000   0.0000   0.0000
     0.0000

          k =-0.2857 0.4949 0.0000 ( 10694 PWs)   bands (ev):

   -60.1760 -34.4430 -34.3395 -34.2660 -11.3602 -11.2376  -4.5448  -4.2446
    -3.0075  -2.6712  -2.3564  -1.2493   0.4440   2.5981   3.7883   3.9259
     5.4087

     occupation numbers 
     1.0000   1.0000   1.0000   1.0000   1.0000   1.0000   1.0000   1.0000
     1.0000   1.0000   1.0000   1.0000   1.0000   0.0000   0.0000   0.0000
     0.0000

 ------ SPIN DOWN ----------


          k = 0.0000 0.0000 0.0000 ( 10755 PWs)   bands (ev):

   -60.2164 -34.3468 -34.1435 -34.1434 -13.3964 -12.0959  -4.9149  -1.9208
    -1.9199  -1.0913  -0.8200  -0.8163   0.6767   3.4352   3.4395   3.6824
     3.6842

     occupation numbers 
     1.0000   1.0000   1.0000   1.0000   1.0000   1.0000   1.0000   1.0000
     1.0000   1.0000   1.0000   1.0000   1.0000   0.0000   0.0000   0.0000
     0.0000

          k = 0.0000 0.1650 0.0000 ( 10789 PWs)   bands (ev):

   -60.2094 -34.3329 -34.2145 -34.1596 -13.1040 -11.9754  -4.5972  -2.5111
    -2.0363  -1.6180  -1.2419  -0.3815   0.4841   3.0795   3.2298   3.3834
     3.8979

     occupation numbers 
     1.0000   1.0000   1.0000   1.0000   1.0000   1.0000   1.0000   1.0000
     1.0000   1.0000   1.0000   1.0000   1.0000   0.0000   0.0000   0.0000
     0.0000

          k = 0.0000 0.3299 0.0000 ( 10749 PWs)   bands (ev):

   -60.1937 -34.3713 -34.3015 -34.1959 -12.3683 -11.6754  -4.3456  -3.1862
    -3.1476  -1.9604  -0.9131  -0.7764  -0.1927   2.8954   2.9519   3.7842
     4.5991

     occupation numbers 
     1.0000   1.0000   1.0000   1.0000   1.0000   1.0000   1.0000   1.0000
     1.0000   1.0000   1.0000   1.0000   1.0000   0.0000   0.0000   0.0000
     0.0000

          k = 0.0000 0.4949 0.0000 ( 10714 PWs)   bands (ev):

   -60.1810 -34.4942 -34.2761 -34.2247 -11.6532 -11.3957  -4.9511  -3.9652
    -3.3152  -2.4106  -1.1434  -0.3663  -0.0765   2.8941   3.3149   4.4542
     4.9406

     occupation numbers 
     1.0000   1.0000   1.0000   1.0000   1.0000   1.0000   1.0000   1.0000
     1.0000   1.0000   1.0000   1.0000   1.0000   0.0000   0.0000   0.0000
     0.0000

          k = 0.1429 0.2474 0.0000 ( 10779 PWs)   bands (ev):

   -60.1980 -34.3182 -34.3102 -34.1960 -12.5869 -11.7618  -4.2328  -3.0860
    -2.6556  -2.2393  -1.2696  -0.2785   0.0206   2.6772   3.1305   3.2274
     4.6190

     occupation numbers 
     1.0000   1.0000   1.0000   1.0000   1.0000   1.0000   1.0000   1.0000
     1.0000   1.0000   1.0000   1.0000   1.0000   0.0000   0.0000   0.0000
     0.0000

          k = 0.1429 0.4124 0.0000 ( 10753 PWs)   bands (ev):

   -60.1838 -34.4378 -34.2818 -34.2486 -11.8359 -11.4531  -4.5109  -3.7770
    -3.0835  -2.5461  -1.4215  -0.7809  -0.0295   2.8187   3.2370   3.8369
     5.0425

     occupation numbers 
     1.0000   1.0000   1.0000   1.0000   1.0000   1.0000   1.0000   1.0000
     1.0000   1.0000   1.0000   1.0000   1.0000   0.0000   0.0000   0.0000
     0.0000

          k = 0.1429 0.5774 0.0000 ( 10690 PWs)   bands (ev):

   -60.1775 -34.4897 -34.2726 -34.2691 -11.4432 -11.2948  -4.7786  -4.3084
    -3.2797  -2.4632  -1.4036  -1.1808   0.3230   2.8653   3.6248   4.3097
     4.9492

     occupation numbers 
     1.0000   1.0000   1.0000   1.0000   1.0000   1.0000   1.0000   1.0000
     1.0000   1.0000   1.0000   1.0000   1.0000   0.0000   0.0000   0.0000
     0.0000

          k = 0.2857 0.4949 0.0000 ( 10694 PWs)   bands (ev):

   -60.1760 -34.4429 -34.3396 -34.2660 -11.3603 -11.2373  -4.5454  -4.2447
    -3.0066  -2.6722  -2.3562  -1.2492   0.4440   2.5985   3.7889   3.9265
     5.4072

     occupation numbers 
     1.0000   1.0000   1.0000   1.0000   1.0000   1.0000   1.0000   1.0000
     1.0000   1.0000   1.0000   1.0000   1.0000   0.0000   0.0000   0.0000
     0.0000

          k = 0.1429 0.0825 0.0000 ( 10789 PWs)   bands (ev):

   -60.2094 -34.3329 -34.2144 -34.1597 -13.1041 -11.9753  -4.5973  -2.5116
    -2.0348  -1.6175  -1.2441  -0.3812   0.4846   3.0802   3.2277   3.3823
     3.9003

     occupation numbers 
     1.0000   1.0000   1.0000   1.0000   1.0000   1.0000   1.0000   1.0000
     1.0000   1.0000   1.0000   1.0000   1.0000   0.0000   0.0000   0.0000
     0.0000

          k = 0.2857 0.1650 0.0000 ( 10749 PWs)   bands (ev):

   -60.1937 -34.3711 -34.3015 -34.1959 -12.3685 -11.6750  -4.3458  -3.1868
    -3.1470  -1.9619  -0.9129  -0.7763  -0.1913   2.8951   2.9516   3.7828
     4.6005

     occupation numbers 
     1.0000   1.0000   1.0000   1.0000   1.0000   1.0000   1.0000   1.0000
     1.0000   1.0000   1.0000   1.0000   1.0000   0.0000   0.0000   0.0000
     0.0000

          k = 0.4286 0.2474 0.0000 ( 10714 PWs)   bands (ev):

   -60.1810 -34.4941 -34.2761 -34.2248 -11.6536 -11.3950  -4.9508  -3.9659
    -3.3160  -2.4118  -1.1423  -0.3666  -0.0752   2.8945   3.3148   4.4523
     4.9413

     occupation numbers 
     1.0000   1.0000   1.0000   1.0000   1.0000   1.0000   1.0000   1.0000
     1.0000   1.0000   1.0000   1.0000   1.0000   0.0000   0.0000   0.0000
     0.0000

          k =-0.1429 0.2474 0.0000 ( 10779 PWs)   bands (ev):

   -60.1980 -34.3183 -34.3102 -34.1960 -12.5868 -11.7621  -4.2327  -3.0853
    -2.6562  -2.2385  -1.2699  -0.2781   0.0193   2.6781   3.1298   3.2278
     4.6187

     occupation numbers 
     1.0000   1.0000   1.0000   1.0000   1.0000   1.0000   1.0000   1.0000
     1.0000   1.0000   1.0000   1.0000   1.0000   0.0000   0.0000   0.0000
     0.0000

          k =-0.1429 0.4124 0.0000 ( 10753 PWs)   bands (ev):

   -60.1838 -34.4379 -34.2818 -34.2486 -11.8357 -11.4533  -4.5108  -3.7761
    -3.0835  -2.5472  -1.4210  -0.7803  -0.0302   2.8190   3.2362   3.8352
     5.0449

     occupation numbers 
     1.0000   1.0000   1.0000   1.0000   1.0000   1.0000   1.0000   1.0000
     1.0000   1.0000   1.0000   1.0000   1.0000   0.0000   0.0000   0.0000
     0.0000

          k = 0.4286 0.0825 0.0000 ( 10753 PWs)   bands (ev):

   -60.1839 -34.4377 -34.2818 -34.2487 -11.8361 -11.4528  -4.5108  -3.7770
    -3.0841  -2.5470  -1.4208  -0.7803  -0.0293   2.8189   3.2367   3.8360
     5.0428

     occupation numbers 
     1.0000   1.0000   1.0000   1.0000   1.0000   1.0000   1.0000   1.0000
     1.0000   1.0000   1.0000   1.0000   1.0000   0.0000   0.0000   0.0000
     0.0000

          k = 0.5714 0.1650 0.0000 ( 10690 PWs)   bands (ev):

   -60.1775 -34.4896 -34.2726 -34.2691 -11.4436 -11.2942  -4.7783  -4.3092
    -3.2804  -2.4641  -1.4035  -1.1796   0.3234   2.8657   3.6252   4.3101
     4.9471

     occupation numbers 
     1.0000   1.0000   1.0000   1.0000   1.0000   1.0000   1.0000   1.0000
     1.0000   1.0000   1.0000   1.0000   1.0000   0.0000   0.0000   0.0000
     0.0000

          k =-0.2857 0.4949 0.0000 ( 10694 PWs)   bands (ev):

   -60.1760 -34.4430 -34.3396 -34.2660 -11.3602 -11.2376  -4.5448  -4.2446
    -3.0075  -2.6712  -2.3564  -1.2493   0.4440   2.5981   3.7883   3.9259
     5.4087

     occupation numbers 
     1.0000   1.0000   1.0000   1.0000   1.0000   1.0000   1.0000   1.0000
     1.0000   1.0000   1.0000   1.0000   1.0000   0.0000   0.0000   0.0000
     0.0000

     the Fermi energy is     1.5452 ev

!    total energy              =    -187.73296581 Ry
     estimated scf accuracy    <          7.6E-10 Ry
     smearing contrib. (-TS)   =      -0.00000000 Ry
     internal energy E=F+TS    =    -187.73296581 Ry

     The total energy is F=E-TS. E is the sum of the following terms:
     one-electron contribution =    -711.66377280 Ry
     hartree contribution      =     357.79925935 Ry
     xc contribution           =     -36.26896413 Ry
     ewald contribution        =     202.40051178 Ry

     total magnetization       =     0.00 Bohr mag/cell
     absolute magnetization    =     0.00 Bohr mag/cell

     convergence has been achieved in  12 iterations

     Writing output data file ./outdir/MoS2.save/
 
     init_run     :      1.09s CPU      1.43s WALL (       1 calls)
     electrons    :     25.64s CPU     28.59s WALL (       1 calls)

     Called by init_run:
     wfcinit      :      0.53s CPU      0.72s WALL (       1 calls)
     wfcinit:atom :      0.01s CPU      0.01s WALL (      32 calls)
     wfcinit:wfcr :      0.48s CPU      0.67s WALL (      32 calls)
     potinit      :      0.15s CPU      0.18s WALL (       1 calls)
     hinit0       :      0.23s CPU      0.29s WALL (       1 calls)

     Called by electrons:
     c_bands      :     15.21s CPU     16.96s WALL (      13 calls)
     sum_band     :      6.16s CPU      6.77s WALL (      13 calls)
     v_of_rho     :      0.79s CPU      0.94s WALL (      13 calls)
     v_h          :      0.03s CPU      0.03s WALL (      13 calls)
     v_xc         :      0.77s CPU      0.91s WALL (      13 calls)
     newd         :      1.79s CPU      2.18s WALL (      13 calls)
     mix_rho      :      1.80s CPU      1.87s WALL (      13 calls)

     Called by c_bands:
     init_us_2    :      0.32s CPU      0.36s WALL (     864 calls)
     cegterg      :     13.42s CPU     14.95s WALL (     416 calls)

     Called by sum_band:
     sum_band:wei :      0.00s CPU      0.00s WALL (      13 calls)
     sum_band:loo :      2.40s CPU      2.54s WALL (      13 calls)
     sum_band:buf :      0.02s CPU      0.02s WALL (     416 calls)
     sum_band:ini :      0.16s CPU      0.17s WALL (     416 calls)
     sum_band:cal :      0.13s CPU      0.14s WALL (     416 calls)
     sum_band:bec :      0.01s CPU      0.01s WALL (     416 calls)
     addusdens    :      3.62s CPU      4.04s WALL (      13 calls)
     addusd:skk   :      0.00s CPU      0.00s WALL (      26 calls)
     addusd:dgemm :      0.54s CPU      0.94s WALL (      52 calls)
     addusd:qvan2 :      2.97s CPU      2.97s WALL (      52 calls)

     Called by *egterg:
     cdiaghg      :      1.45s CPU      2.30s WALL (    1422 calls)
     cegterg:over :      0.57s CPU      0.63s WALL (    1038 calls)
     cegterg:upda :      0.36s CPU      0.38s WALL (    1038 calls)
     cegterg:last :      0.54s CPU      0.58s WALL (     852 calls)
     cdiaghg:chol :      0.13s CPU      0.18s WALL (    1422 calls)
     cdiaghg:inve :      0.09s CPU      0.10s WALL (    1422 calls)
     cdiaghg:para :      0.15s CPU      0.16s WALL (    2844 calls)
     h_psi        :     10.26s CPU     11.00s WALL (    1486 calls)
     s_psi        :      0.32s CPU      0.33s WALL (    1486 calls)
     g_psi        :      0.07s CPU      0.07s WALL (    1038 calls)

     Called by h_psi:
     h_psi:calbec :      0.38s CPU      0.40s WALL (    1486 calls)
     vloc_psi     :      9.50s CPU     10.20s WALL (    1486 calls)
     add_vuspsi   :      0.33s CPU      0.34s WALL (    1486 calls)

     General routines
     calbec       :      0.50s CPU      0.53s WALL (    1902 calls)
     fft          :      0.46s CPU      0.66s WALL (     321 calls)
     ffts         :      1.06s CPU      1.11s WALL (    2483 calls)
     fftw         :     10.33s CPU     11.07s WALL (   43542 calls)
     interpolate  :      0.05s CPU      0.05s WALL (      26 calls)
 
     Parallel routines
     fft_scatt_xy :      1.60s CPU      1.70s WALL (   46346 calls)
     fft_scatt_yz :      2.92s CPU      3.26s WALL (   46346 calls)
 
     PWSCF        :     26.95s CPU     30.70s WALL

 
   This run was terminated on:  17:58:14   7May2021            

=------------------------------------------------------------------------------=
   JOB DONE.
=------------------------------------------------------------------------------=
